core_cm3.h:1762:34:__NVIC_SystemReset	4	static,ignoring_inline_asm
BME280.c:8:6:BME280_Error	4	static
BME280.c:13:13:I2Cx_WriteData	40	static
BME280.c:20:16:I2Cx_ReadData	40	static
BME280.c:29:13:I2Cx_ReadData16	40	static
BME280.c:36:13:I2Cx_ReadData24	40	static
BME280.c:43:6:BME280_WriteReg	16	static
BME280.c:48:9:BME280_ReadReg	24	static
BME280.c:54:6:BME280_ReadReg_U16	16	static
BME280.c:59:6:BME280_ReadReg_S16	16	static
BME280.c:64:6:BME280_ReadReg_BE_S16	16	static
BME280.c:70:6:BME280_ReadReg_U24	16	static
BME280.c:76:6:BME280_ReadReg_BE_U24	16	static
BME280.c:82:9:BME280_ReadStatus	16	static
BME280.c:89:6:BME280_ReadCoefficients	16	static
BME280.c:113:6:BME280_SetStandby	24	static
BME280.c:120:8:BME280_SetFilter	24	static
BME280.c:127:6:BME280_SetOversamplingTemper	24	static
BME280.c:135:6:BME280_SetOversamplingPressure	24	static
BME280.c:143:6:BME280_SetOversamplingHum	24	static
BME280.c:155:6:BME280_SetMode	24	static
BME280.c:162:7:BME280_ReadTemperature	24	static
BME280.c:180:7:BME280_ReadPressure	72	static
BME280.c:207:7:BME280_ReadHumidity	24	static
BME280.c:230:7:BME280_ReadAltitude	32	static
BME280.c:238:5:BME280_Init	16	static
BME280.c:269:21:BME280_GetWeatherData	16	static
NRF.c:8:6:NRF_Init	16	static
NRF.c:37:9:NRF_ReadReg	32	static
NRF.c:53:6:NRF_WriteReg	24	static
NRF.c:62:6:NRF_ON	16	static
NRF.c:73:6:NRF_OFF	16	static
NRF.c:82:6:NRF_ToggleFeatures	16	static
NRF.c:95:6:NRF_ReadMBReg	16	static
NRF.c:103:6:NRF_WriteMBReg	24	static
NRF.c:114:6:NRF_FlushRX	16	static
NRF.c:125:6:NRF_FlushTX	16	static
NRF.c:136:6:NRF_RX_Mode	16	static
NRF.c:157:6:NRF_TX_Mode	16	static
NRF.c:182:6:NRF_GetPacket	32	static
NRF.c:212:8:NRF_SendPacket	32	static
NRF.c:257:8:NRF_SendMessage	64	static
NRF.c:297:6:NRF_IsAvailablePacket	8	static
NRF.c:302:6:NRF_ClearRxBuff	16	static
NRF.c:308:6:NRF_ClearTxBuff	16	static
NRF.c:314:6:NRF_CallbackFunc	8	static
NRF.c:354:22:DelayMicro	16	static
main.c:111:5:main	48	static
main.c:219:6:SystemClock_Config	88	static
main.c:261:7:getBatteryVoltage	40	static
main.c:282:6:PC_Send	16	static
main.c:288:6:HAL_GPIO_EXTI_Callback	32	static
main.c:327:6:StationStatus	32	static
main.c:395:6:StopMode	16	static
main.c:403:6:SleepMode	16	static
main.c:418:6:Standby	16	static
main.c:438:6:EnablePeripherals	8	static
main.c:445:6:DisablePeripherals	8	static
main.c:465:6:Error_Handler	8	static
