core_cm3.h:1762:34:__NVIC_SystemReset	4	static,ignoring_inline_asm
BME280.c:8:6:BME280_Error	16	static
BME280.c:19:13:I2Cx_WriteData	40	static
BME280.c:28:16:I2Cx_ReadData	40	static
BME280.c:43:13:I2Cx_ReadData16	40	static
BME280.c:54:13:I2Cx_ReadData24	40	static
BME280.c:65:6:BME280_WriteReg	16	static
BME280.c:70:9:BME280_ReadReg	24	static
BME280.c:76:6:BME280_ReadReg_U16	16	static
BME280.c:81:6:BME280_ReadReg_S16	16	static
BME280.c:86:6:BME280_ReadReg_BE_S16	16	static
BME280.c:92:6:BME280_ReadReg_U24	16	static
BME280.c:98:6:BME280_ReadReg_BE_U24	16	static
BME280.c:104:9:BME280_ReadStatus	16	static
BME280.c:111:6:BME280_ReadCoefficients	16	static
BME280.c:135:6:BME280_SetStandby	24	static
BME280.c:142:8:BME280_SetFilter	24	static
BME280.c:149:6:BME280_SetOversamplingTemper	24	static
BME280.c:157:6:BME280_SetOversamplingPressure	24	static
BME280.c:165:6:BME280_SetOversamplingHum	24	static
BME280.c:177:6:BME280_SetMode	24	static
BME280.c:184:7:BME280_ReadTemperature	24	static
BME280.c:202:7:BME280_ReadPressure	72	static
BME280.c:229:7:BME280_ReadHumidity	24	static
BME280.c:252:7:BME280_ReadAltitude	32	static
BME280.c:260:6:BME280_Init	16	static
BME280.c:292:21:BME280_GetWeatherData	16	static
ESP8266.c:14:6:ESP8266_Init	24	static
ESP8266.c:21:6:ESP8266_ON	8	static
ESP8266.c:26:6:ESP8266_OFF	8	static
ESP8266.c:31:6:ESP8266_Restart	8	static
ESP8266.c:36:6:ESP8266_Test	8	static
ESP8266.c:41:6:ESP8266_EnableEcho	8	static
ESP8266.c:46:6:ESP8266_DisableEcho	8	static
ESP8266.c:51:6:ESP8266_DisconnectFromWifi	8	static
ESP8266.c:56:6:ESP8266_SendRequest	24	static
ESP8266.c:61:6:ESP8266_AT_CIPSTART	32	static
ESP8266.c:67:6:ESP8266_AT_CIPSEND	16	static
ESP8266.c:73:6:ESP8266_AT_SendData	16	static
ESP8266.c:79:6:ESP8266_Send	24	static
ESP8266.c:103:6:ESP8266_Recv	24	static
ESP8266.c:124:6:ESP8266_ClearRecvBuff	8	static
ESP8266.c:131:6:HAL_UART_RxCpltCallback	16	static
ESP8266.c:143:6:ESP8266_ConnectTo	16	static
ESP8266.c:149:6:ESP8266_ConnectToAnyAccessPointFromDefaultList	16	static
ESP8266.c:164:7:ESP8266_GetAcceessPoints	24	static
main.c:72:6:PC_Send	16	static
main.c:77:7:getBatteryVoltage	24	static
main.c:106:5:main	56	static
main.c:267:6:SystemClock_Config	88	static
main.c:311:13:MX_ADC1_Init	24	static
main.c:356:13:MX_I2C1_Init	8	static
main.c:390:13:MX_RTC_Init	16	static
main.c:447:13:MX_USART1_UART_Init	8	static
main.c:480:13:MX_USART2_UART_Init	8	static
main.c:513:13:MX_GPIO_Init	48	static
main.c:587:6:Error_Handler	4	static
