core_cm3.h:1762:34:__NVIC_SystemReset	4	static,ignoring_inline_asm
BME280.c:8:6:BME280_Error	16	static
BME280.c:19:13:I2Cx_WriteData	40	static
BME280.c:28:16:I2Cx_ReadData	40	static
BME280.c:43:13:I2Cx_ReadData16	40	static
BME280.c:54:13:I2Cx_ReadData24	40	static
BME280.c:65:6:BME280_WriteReg	16	static
BME280.c:70:9:BME280_ReadReg	24	static
BME280.c:76:6:BME280_ReadReg_U16	16	static
BME280.c:81:6:BME280_ReadReg_S16	16	static
BME280.c:86:6:BME280_ReadReg_BE_S16	16	static
BME280.c:92:6:BME280_ReadReg_U24	16	static
BME280.c:98:6:BME280_ReadReg_BE_U24	16	static
BME280.c:104:9:BME280_ReadStatus	16	static
BME280.c:111:6:BME280_ReadCoefficients	16	static
BME280.c:135:6:BME280_SetStandby	24	static
BME280.c:142:8:BME280_SetFilter	24	static
BME280.c:149:6:BME280_SetOversamplingTemper	24	static
BME280.c:157:6:BME280_SetOversamplingPressure	24	static
BME280.c:165:6:BME280_SetOversamplingHum	24	static
BME280.c:177:6:BME280_SetMode	24	static
BME280.c:184:7:BME280_ReadTemperature	24	static
BME280.c:202:7:BME280_ReadPressure	72	static
BME280.c:229:7:BME280_ReadHumidity	24	static
BME280.c:252:7:BME280_ReadAltitude	32	static
BME280.c:260:6:BME280_Init	16	static
BME280.c:292:21:BME280_GetWeatherData	16	static
ESP8266.c:10:6:ESP8266_Init	24	static
ESP8266.c:17:6:ESP8266_ON	8	static
ESP8266.c:22:6:ESP8266_OFF	8	static
ESP8266.c:27:6:ESP8266_Restart	8	static
ESP8266.c:32:6:ESP8266_ErrorHandler	16	static
ESP8266.c:44:6:ESP8266_Test	8	static
ESP8266.c:49:6:ESP8266_EnableEcho	8	static
ESP8266.c:54:6:ESP8266_DisableEcho	8	static
ESP8266.c:59:6:ESP8266_DisconnectFromWifi	8	static
ESP8266.c:64:6:ESP8266_SendRequest	24	static
ESP8266.c:69:6:ESP8266_AT_CIPSTART	32	static
ESP8266.c:75:6:ESP8266_AT_CIPSEND	16	static
ESP8266.c:81:6:ESP8266_AT_SendData	16	static
ESP8266.c:87:6:ESP8266_Send	24	static
ESP8266.c:92:6:ESP8266_Recv	24	static
ESP8266.c:107:7:ESP8266_GetAcceessPoints	24	static
ESP8266.c:127:6:ESP8266_ClearRecvBuff	8	static
ESP8266.c:132:6:ESP8266_ConnectTo	16	static
ESP8266.c:138:6:ESP8266_ConnectToAnyAccessPointFromDefaultList	16	static
main.c:72:6:PC_Send	16	static
main.c:77:7:getBatteryVoltage	24	static
main.c:105:5:main	56	static
main.c:212:6:SystemClock_Config	88	static
main.c:256:13:MX_ADC1_Init	24	static
main.c:301:13:MX_I2C1_Init	8	static
main.c:335:13:MX_RTC_Init	8	static
main.c:391:13:MX_USART1_UART_Init	8	static
main.c:424:13:MX_USART2_UART_Init	8	static
main.c:457:13:MX_GPIO_Init	48	static
main.c:525:6:Error_Handler	4	static
