BME280.c:8:6:BME280_Error	16	static
BME280.c:19:13:I2Cx_WriteData	40	static
BME280.c:28:16:I2Cx_ReadData	40	static
BME280.c:43:13:I2Cx_ReadData16	40	static
BME280.c:54:13:I2Cx_ReadData24	40	static
BME280.c:65:6:BME280_WriteReg	16	static
BME280.c:70:9:BME280_ReadReg	24	static
BME280.c:76:6:BME280_ReadReg_U16	16	static
BME280.c:81:6:BME280_ReadReg_S16	16	static
BME280.c:86:6:BME280_ReadReg_BE_S16	16	static
BME280.c:92:6:BME280_ReadReg_U24	16	static
BME280.c:98:6:BME280_ReadReg_BE_U24	16	static
BME280.c:104:9:BME280_ReadStatus	16	static
BME280.c:111:6:BME280_ReadCoefficients	16	static
BME280.c:135:6:BME280_SetStandby	24	static
BME280.c:142:8:BME280_SetFilter	24	static
BME280.c:149:6:BME280_SetOversamplingTemper	24	static
BME280.c:157:6:BME280_SetOversamplingPressure	24	static
BME280.c:165:6:BME280_SetOversamplingHum	24	static
BME280.c:177:6:BME280_SetMode	24	static
BME280.c:184:7:BME280_ReadTemperature	24	static
BME280.c:202:7:BME280_ReadPressure	72	static
BME280.c:229:7:BME280_ReadHumidity	24	static
BME280.c:252:7:BME280_ReadAltitude	32	static
BME280.c:260:6:BME280_Init	16	static
BME280.c:296:21:BME280_GetWeatherData	16	static
ESP8266.c:13:6:ESP8266_Init	24	static
ESP8266.c:20:6:ESP8266_ON	8	static
ESP8266.c:25:6:ESP8266_OFF	8	static
ESP8266.c:31:7:ESP8266_GetAcceessPointsList	24	static
ESP8266.c:50:6:ESP8266_Restart	8	static
ESP8266.c:55:6:ESP8266_ErrorHandler	16	static
ESP8266.c:67:6:ESP8266_Test	8	static
ESP8266.c:72:6:ESP8266_EnableEcho	8	static
ESP8266.c:77:6:ESP8266_DisableEcho	8	static
ESP8266.c:82:6:ESP8266_ConnectTo	16	static
ESP8266.c:88:6:ESP8266_DisconnectFromWifi	16	static
ESP8266.c:94:6:ESP8266_SendRequest	24	static
ESP8266.c:101:6:ESP8266_AT_CIPSTART	32	static
ESP8266.c:107:6:ESP8266_AT_CIPSEND	16	static
ESP8266.c:113:6:ESP8266_AT_SendData	16	static
ESP8266.c:119:6:ESP8266_SendCommand	24	static
main.c:29:5:main	48	static
main.c:76:6:PC_Send	16	static
main.c:81:7:getBatteryVoltage	24	static
main.c:98:6:SystemClock_Config	88	static
main.c:140:13:MX_ADC1_Init	24	static
main.c:185:13:MX_I2C1_Init	8	static
main.c:219:13:MX_USART1_UART_Init	8	static
main.c:252:13:MX_USART2_UART_Init	8	static
main.c:285:13:MX_GPIO_Init	40	static
main.c:324:6:Error_Handler	4	static
