<html>
<body>
<pre>
<h1>µVision Build Log</h1>
<h2>Tool Versions:</h2>
IDE-Version: µVision V5.28.0.0
Copyright (C) 2019 ARM Ltd and ARM Germany GmbH. All rights reserved.
License Information: Vlad Novytskyi, NUFT, LIC=----
 
Tool Versions:
Toolchain:       MDK-Lite  Version: 5.28.0.0
Toolchain Path:  C:\Keil_v5\ARM\ARMCC\Bin
C Compiler:      Armcc.exe V5.06 update 6 (build 750)
Assembler:       Armasm.exe V5.06 update 6 (build 750)
Linker/Locator:  ArmLink.exe V5.06 update 6 (build 750)
Library Manager: ArmAr.exe V5.06 update 6 (build 750)
Hex Converter:   FromElf.exe V5.06 update 6 (build 750)
CPU DLL:         SARMCM3.DLL V5.28.0.0
Dialog DLL:      DCM.DLL V1.17.3.0
Target DLL:      STLink\ST-LINKIII-KEIL_SWO.dll V3.0.6.0
Dialog DLL:      TCM.DLL V1.36.2.0
 
<h2>Project:</h2>
C:\Users\vladyslavN\Documents\Projects\KievWeather\BME280\MDK-ARM\BME280.uvprojx
Project File Date:  11/11/2019

<h2>Output:</h2>
*** Using Compiler 'V5.06 update 6 (build 750)', folder: 'C:\Keil_v5\ARM\ARMCC\Bin'
Build target 'BME280'
compiling main.c...
../Src/main.c(58): warning:  #223-D: function "sprintf" declared implicitly
  		sprintf(str1, "Hello from STM32!!!\n");
../Src/main.c(39): warning:  #177-D: variable "tf"  was declared but never referenced
  	float tf = 0.0f, pf = 0.0f, af = 0.0f, hf = 0.0f;
../Src/main.c(39): warning:  #177-D: variable "pf"  was declared but never referenced
  	float tf = 0.0f, pf = 0.0f, af = 0.0f, hf = 0.0f;
../Src/main.c(39): warning:  #177-D: variable "af"  was declared but never referenced
  	float tf = 0.0f, pf = 0.0f, af = 0.0f, hf = 0.0f;
../Src/main.c(39): warning:  #177-D: variable "hf"  was declared but never referenced
  	float tf = 0.0f, pf = 0.0f, af = 0.0f, hf = 0.0f;
../Src/main.c: 5 warnings, 0 errors
linking...
Program Size: Code=12236 RO-data=484 RW-data=16 ZI-data=1376  
FromELF: creating hex file...
"BME280\BME280.axf" - 0 Error(s), 5 Warning(s).

<h2>Software Packages used:</h2>

Package Vendor: ARM
                http://www.keil.com/pack/ARM.CMSIS.5.6.0.pack
                ARM.CMSIS.5.6.0
                CMSIS (Cortex Microcontroller Software Interface Standard)
   * Component: CORE Version: 5.3.0

Package Vendor: Keil
                http://www.keil.com/pack/Keil.STM32F4xx_DFP.2.14.0.pack
                Keil.STM32F4xx_DFP.2.14.0
                STMicroelectronics STM32F4 Series Device Support, Drivers and Examples

<h2>Collection of Component include folders:</h2>
  .\RTE\_BME280
  C:\Users\vladyslavN\AppData\Local\Arm\Packs\ARM\CMSIS\5.6.0\CMSIS\Core\Include
  C:\Users\vladyslavN\AppData\Local\Arm\Packs\Keil\STM32F4xx_DFP\2.14.0\Drivers\CMSIS\Device\ST\STM32F4xx\Include

<h2>Collection of Component Files used:</h2>

   * Component: ARM::CMSIS:CORE:5.3.0
Build Time Elapsed:  00:00:03
</pre>
</body>
</html>
